[WebServer] 2026-10-10 16:28:25,831 - cache.redis_cache - INFO - Cache keys scoped to namespace 'dev' (source: fallback (neither CACHE_VERSION nor RENDER_GIT_COMMIT is set))
[WebServer] 2026-10-10 16:28:25,832 - cache.redis_cache - INFO - Redis not configured — using in-memory cache (this is normal without a Redis add-on)
[WebServer] 2026-10-10 16:28:25,839 - cache.redis_cache - INFO - Redis not configured — using in-memory cache (this is normal without a Redis add-on)
[WebServer] 2026-10-10 16:28:25,839 - main - INFO - Redis cache initialized successfully
[WebServer] 2026-10-10 16:28:25,884 - main - INFO - Using in-memory rate limiting
[WebServer] 2026-10-10 16:28:25,884 - main - INFO - Security middleware registered (rate limit, audit log, headers)
[WebServer] 2026-10-10 16:28:26,088 - main - INFO - Social admin router registered at /api/v1/admin/social
[WebServer] 2026-10-10 16:28:26,105 - main - INFO - ETL admin router registered at /api/v1/admin/etl
[WebServer] 2026-10-10 16:28:26,127 - main - INFO - Economic data router registered at /api/v1/economic
[WebServer] 2026-10-10 16:28:26,132 - main - INFO - Admin router registered at /api/v1/admin
[WebServer] 2026-10-10 16:28:26,141 - main - INFO - Admin users router registered at /api/v1/admin/users
[WebServer] 2026-10-10 16:28:26,146 - main - INFO - Admin audit-log router registered at /api/v1/admin/audit-log
[WebServer] 2026-10-10 16:28:26,155 - main - INFO - User features router registered (newsletter endpoints)
[WebServer] 2026-10-10 16:28:26,166 - main - INFO - Audit dashboard router registered at /api/v1/audit
[WebServer] 2026-10-10 16:28:26,168 - main - INFO - Detailed health router registered at /health/detailed
[WebServer] 2026-10-10 16:28:26,172 - cache.redis_cache - INFO - Redis not configured — using in-memory cache (this is normal without a Redis add-on)
[WebServer] 2026-10-10 16:28:26,175 - main - INFO - Money flow router registered at /api/v1/counties/*/money-flow
[WebServer] 2026-10-10 16:28:26,178 - main - INFO - Data freshness router registered at /api/v1/data/freshness
[WebServer] 2026-10-10 16:28:26,179 - main - INFO - Cache invalidation registered at /api/v1/system/cache/invalidate
[WebServer] 2026-10-10 16:28:26,192 - main - INFO - Data provenance router registered at /api/v1/provenance
[WebServer] INFO:     Started server process [148304]
[WebServer] INFO:     Waiting for application startup.
[WebServer] INFO:     Application startup complete.
[WebServer] INFO:     Uvicorn running on http://127.0.0.1:8141 (Press CTRL+C to quit)
[WebServer] <w> [webpack.cache.PackFileCacheStrategy] Serializing big strings (133kiB) impacts deserialization performance (consider using Buffer instead and decode when needed)
[WebServer] 2026-10-10 16:29:50,008 - trust_guards - WARNING - TRUST: budget sector list is empty
[WebServer] 2026-10-10 16:29:50,008 - trust_guards - WARNING - TRUST: /budget/overview returned 0 rows for FY2025/26 9M; downstream UI may render blank.
[WebServer] 2026-10-10 16:29:50,012 - trust_guards - WARNING - TRUST: County budget feed (COB): last fetch was 192 days ago (exceeds 120-day freshness window). Review the COB ingestion pipeline.
[WebServer] 2026-10-10 16:29:50,013 - trust_guards - WARNING - TRUST: County budget extraction produced only aggregate Total rows — Recurrent, Development, and Personnel Emoluments tables were not found in the source PDF. The Budget page will show estimated figures for category breakdowns.
[WebServer] 2026-10-10 16:29:50,029 - services.population - WARNING - No national population row (entity_id IS NULL) in population_data; reporting absence. Reseed with: python -m seeding.cli seed --domain population
[WebServer] 2026-10-10 16:29:50,059 - trust_guards - WARNING - TRUST: FY 2025/26: appropriated_budget=180B is outside the plausible [2,000, 8,000]B band.
[WebServer] 2026-10-10 16:29:50,059 - trust_guards - WARNING - TRUST: FY 2025/26: total_revenue=100B is outside the plausible [1,000, 5,000]B band.
[WebServer] 2026-10-10 16:29:50,059 - trust_guards - WARNING - TRUST: FY 2025/26: tax_revenue=80B is outside the plausible [800, 4,500]B band.
[WebServer] 2026-10-10 16:29:50,059 - trust_guards - WARNING - TRUST: FY 2025/26: non_tax_revenue=20B is outside the plausible [30, 1,500]B band.
[WebServer] 2026-10-10 16:29:50,059 - trust_guards - WARNING - TRUST: FY 2025/26: debt_service_cost=50B is outside the plausible [400, 4,000]B band.
[WebServer] 2026-10-10 16:29:50,059 - trust_guards - WARNING - TRUST: FY 2025/26: development_spending=40B is outside the plausible [100, 2,000]B band.
[WebServer] 2026-10-10 16:29:50,059 - trust_guards - WARNING - TRUST: FY 2025/26: recurrent_spending=90B is outside the plausible [800, 5,000]B band.
[WebServer] 2026-10-10 16:29:50,059 - trust_guards - WARNING - TRUST: FY 2025/26: county_allocation=20B is outside the plausible [150, 1,200]B band.
[WebServer] 2026-10-10 16:29:50,471 - trust_guards - WARNING - TRUST: /audits/federal returned 0 rows for the latest period; downstream UI may render blank.
[WebServer] 2026-10-10 16:29:50,477 - trust_guards - WARNING - TRUST: /budget/national returned 0 rows for the latest period; downstream UI may render blank.
[WebServer] 2026-10-10 16:29:50,591 - routers.audit_dashboard - WARNING - audit summary: 1 finding(s) withheld — source document has no resolvable URL; 48 published

Running 100 tests using 2 workers

  ✓    1 [chromium] › e2e/smart-back.spec.ts:72:7 › Smart back link — counties list ↔ detail › scroll position is roughly preserved after smart-back (5.6s)
  ✓    2 [chromium] › e2e/smart-back.spec.ts:72:7 › Smart back link — counties list ↔ detail › scroll position is roughly preserved after smart-back (5.6s)
  ✓    3 [chromium] › e2e/smart-back.spec.ts:72:7 › Smart back link — counties list ↔ detail › scroll position is roughly preserved after smart-back (5.2s)
  ✓    4 [chromium] › e2e/smart-back.spec.ts:72:7 › Smart back link — counties list ↔ detail › scroll position is roughly preserved after smart-back (5.2s)
  ✓    5 [chromium] › e2e/smart-back.spec.ts:72:7 › Smart back link — counties list ↔ detail › scroll position is roughly preserved after smart-back (5.2s)
  ✓    6 [chromium] › e2e/smart-back.spec.ts:72:7 › Smart back link — counties list ↔ detail › scroll position is roughly preserved after smart-back (5.5s)
  ✓    7 [chromium] › e2e/smart-back.spec.ts:72:7 › Smart back link — counties list ↔ detail › scroll position is roughly preserved after smart-back (5.2s)
  ✓    8 [chromium] › e2e/smart-back.spec.ts:72:7 › Smart back link — counties list ↔ detail › scroll position is roughly preserved after smart-back (5.2s)
  ✓    9 [chromium] › e2e/smart-back.spec.ts:72:7 › Smart back link — counties list ↔ detail › scroll position is roughly preserved after smart-back (5.3s)
  ✓   10 [chromium] › e2e/smart-back.spec.ts:72:7 › Smart back link — counties list ↔ detail › scroll position is roughly preserved after smart-back (5.3s)
  ✓   11 [chromium] › e2e/smart-back.spec.ts:72:7 › Smart back link — counties list ↔ detail › scroll position is roughly preserved after smart-back (5.2s)
  ✓   12 [chromium] › e2e/smart-back.spec.ts:72:7 › Smart back link — counties list ↔ detail › scroll position is roughly preserved after smart-back (5.2s)
  ✓   13 [chromium] › e2e/smart-back.spec.ts:72:7 › Smart back link — counties list ↔ detail › scroll position is roughly preserved after smart-back (5.3s)
  ✓   14 [chromium] › e2e/smart-back.spec.ts:72:7 › Smart back link — counties list ↔ detail › scroll position is roughly preserved after smart-back (5.3s)
  ✓   15 [chromium] › e2e/smart-back.spec.ts:72:7 › Smart back link — counties list ↔ detail › scroll position is roughly preserved after smart-back (5.2s)
  ✓   16 [chromium] › e2e/smart-back.spec.ts:72:7 › Smart back link — counties list ↔ detail › scroll position is roughly preserved after smart-back (5.2s)
  ✓   17 [chromium] › e2e/smart-back.spec.ts:72:7 › Smart back link — counties list ↔ detail › scroll position is roughly preserved after smart-back (5.2s)
  ✓   18 [chromium] › e2e/smart-back.spec.ts:72:7 › Smart back link — counties list ↔ detail › scroll position is roughly preserved after smart-back (5.2s)
  ✓   19 [chromium] › e2e/smart-back.spec.ts:72:7 › Smart back link — counties list ↔ detail › scroll position is roughly preserved after smart-back (5.1s)
  ✓   20 [chromium] › e2e/smart-back.spec.ts:72:7 › Smart back link — counties list ↔ detail › scroll position is roughly preserved after smart-back (5.2s)
  ✓   21 [chromium] › e2e/smart-back.spec.ts:72:7 › Smart back link — counties list ↔ detail › scroll position is roughly preserved after smart-back (5.2s)
  ✓   22 [chromium] › e2e/smart-back.spec.ts:72:7 › Smart back link — counties list ↔ detail › scroll position is roughly preserved after smart-back (5.2s)
  ✓   23 [chromium] › e2e/smart-back.spec.ts:72:7 › Smart back link — counties list ↔ detail › scroll position is roughly preserved after smart-back (5.1s)
  ✓   24 [chromium] › e2e/smart-back.spec.ts:72:7 › Smart back link — counties list ↔ detail › scroll position is roughly preserved after smart-back (5.2s)
  ✓   25 [chromium] › e2e/smart-back.spec.ts:72:7 › Smart back link — counties list ↔ detail › scroll position is roughly preserved after smart-back (5.1s)
  ✓   26 [chromium] › e2e/smart-back.spec.ts:72:7 › Smart back link — counties list ↔ detail › scroll position is roughly preserved after smart-back (5.1s)
  ✓   27 [chromium] › e2e/smart-back.spec.ts:72:7 › Smart back link — counties list ↔ detail › scroll position is roughly preserved after smart-back (5.2s)
  ✓   28 [chromium] › e2e/smart-back.spec.ts:72:7 › Smart back link — counties list ↔ detail › scroll position is roughly preserved after smart-back (5.2s)
  ✓   29 [chromium] › e2e/smart-back.spec.ts:72:7 › Smart back link — counties list ↔ detail › scroll position is roughly preserved after smart-back (5.2s)
  ✓   30 [chromium] › e2e/smart-back.spec.ts:72:7 › Smart back link — counties list ↔ detail › scroll position is roughly preserved after smart-back (5.2s)
  ✓   31 [chromium] › e2e/smart-back.spec.ts:72:7 › Smart back link — counties list ↔ detail › scroll position is roughly preserved after smart-back (5.3s)
  ✓   32 [chromium] › e2e/smart-back.spec.ts:72:7 › Smart back link — counties list ↔ detail › scroll position is roughly preserved after smart-back (5.3s)
  ✓   33 [chromium] › e2e/smart-back.spec.ts:72:7 › Smart back link — counties list ↔ detail › scroll position is roughly preserved after smart-back (5.2s)
  ✓   34 [chromium] › e2e/smart-back.spec.ts:72:7 › Smart back link — counties list ↔ detail › scroll position is roughly preserved after smart-back (5.2s)
  ✓   36 [chromium] › e2e/smart-back.spec.ts:72:7 › Smart back link — counties list ↔ detail › scroll position is roughly preserved after smart-back (5.2s)
  ✓   35 [chromium] › e2e/smart-back.spec.ts:72:7 › Smart back link — counties list ↔ detail › scroll position is roughly preserved after smart-back (5.2s)
  ✓   37 [chromium] › e2e/smart-back.spec.ts:72:7 › Smart back link — counties list ↔ detail › scroll position is roughly preserved after smart-back (5.3s)
  ✓   38 [chromium] › e2e/smart-back.spec.ts:72:7 › Smart back link — counties list ↔ detail › scroll position is roughly preserved after smart-back (5.3s)
  ✓   40 [chromium] › e2e/smart-back.spec.ts:72:7 › Smart back link — counties list ↔ detail › scroll position is roughly preserved after smart-back (5.1s)
  ✓   39 [chromium] › e2e/smart-back.spec.ts:72:7 › Smart back link — counties list ↔ detail › scroll position is roughly preserved after smart-back (5.3s)
  ✓   41 [chromium] › e2e/smart-back.spec.ts:72:7 › Smart back link — counties list ↔ detail › scroll position is roughly preserved after smart-back (5.2s)
  ✓   42 [chromium] › e2e/smart-back.spec.ts:72:7 › Smart back link — counties list ↔ detail › scroll position is roughly preserved after smart-back (5.1s)
  ✓   44 [chromium] › e2e/smart-back.spec.ts:72:7 › Smart back link — counties list ↔ detail › scroll position is roughly preserved after smart-back (5.1s)
  ✓   43 [chromium] › e2e/smart-back.spec.ts:72:7 › Smart back link — counties list ↔ detail › scroll position is roughly preserved after smart-back (5.1s)
  ✓   45 [chromium] › e2e/smart-back.spec.ts:72:7 › Smart back link — counties list ↔ detail › scroll position is roughly preserved after smart-back (5.2s)
  ✓   46 [chromium] › e2e/smart-back.spec.ts:72:7 › Smart back link — counties list ↔ detail › scroll position is roughly preserved after smart-back (5.2s)
  ✓   48 [chromium] › e2e/smart-back.spec.ts:72:7 › Smart back link — counties list ↔ detail › scroll position is roughly preserved after smart-back (5.2s)
  ✓   47 [chromium] › e2e/smart-back.spec.ts:72:7 › Smart back link — counties list ↔ detail › scroll position is roughly preserved after smart-back (5.2s)
  ✓   50 [chromium] › e2e/smart-back.spec.ts:72:7 › Smart back link — counties list ↔ detail › scroll position is roughly preserved after smart-back (5.2s)
  ✓   49 [chromium] › e2e/smart-back.spec.ts:72:7 › Smart back link — counties list ↔ detail › scroll position is roughly preserved after smart-back (5.2s)
  ✓   51 [chromium] › e2e/smart-back.spec.ts:72:7 › Smart back link — counties list ↔ detail › scroll position is roughly preserved after smart-back (5.1s)
  ✓   52 [chromium] › e2e/smart-back.spec.ts:72:7 › Smart back link — counties list ↔ detail › scroll position is roughly preserved after smart-back (5.2s)
  ✓   54 [chromium] › e2e/smart-back.spec.ts:72:7 › Smart back link — counties list ↔ detail › scroll position is roughly preserved after smart-back (5.3s)
  ✓   53 [chromium] › e2e/smart-back.spec.ts:72:7 › Smart back link — counties list ↔ detail › scroll position is roughly preserved after smart-back (5.3s)
  ✓   55 [chromium] › e2e/smart-back.spec.ts:72:7 › Smart back link — counties list ↔ detail › scroll position is roughly preserved after smart-back (5.3s)
  ✓   56 [chromium] › e2e/smart-back.spec.ts:72:7 › Smart back link — counties list ↔ detail › scroll position is roughly preserved after smart-back (5.4s)
  ✓   57 [chromium] › e2e/smart-back.spec.ts:72:7 › Smart back link — counties list ↔ detail › scroll position is roughly preserved after smart-back (5.3s)
  ✓   58 [chromium] › e2e/smart-back.spec.ts:72:7 › Smart back link — counties list ↔ detail › scroll position is roughly preserved after smart-back (5.3s)
  ✓   60 [chromium] › e2e/smart-back.spec.ts:72:7 › Smart back link — counties list ↔ detail › scroll position is roughly preserved after smart-back (5.2s)
  ✓   59 [chromium] › e2e/smart-back.spec.ts:72:7 › Smart back link — counties list ↔ detail › scroll position is roughly preserved after smart-back (5.2s)
  ✓   61 [chromium] › e2e/smart-back.spec.ts:72:7 › Smart back link — counties list ↔ detail › scroll position is roughly preserved after smart-back (5.3s)
  ✓   62 [chromium] › e2e/smart-back.spec.ts:72:7 › Smart back link — counties list ↔ detail › scroll position is roughly preserved after smart-back (5.3s)
  ✓   63 [chromium] › e2e/smart-back.spec.ts:72:7 › Smart back link — counties list ↔ detail › scroll position is roughly preserved after smart-back (5.3s)
  ✓   64 [chromium] › e2e/smart-back.spec.ts:72:7 › Smart back link — counties list ↔ detail › scroll position is roughly preserved after smart-back (5.3s)
  ✓   65 [chromium] › e2e/smart-back.spec.ts:72:7 › Smart back link — counties list ↔ detail › scroll position is roughly preserved after smart-back (5.2s)
  ✓   66 [chromium] › e2e/smart-back.spec.ts:72:7 › Smart back link — counties list ↔ detail › scroll position is roughly preserved after smart-back (5.2s)
  ✓   68 [chromium] › e2e/smart-back.spec.ts:72:7 › Smart back link — counties list ↔ detail › scroll position is roughly preserved after smart-back (5.2s)
  ✓   67 [chromium] › e2e/smart-back.spec.ts:72:7 › Smart back link — counties list ↔ detail › scroll position is roughly preserved after smart-back (5.2s)
  ✓   70 [chromium] › e2e/smart-back.spec.ts:72:7 › Smart back link — counties list ↔ detail › scroll position is roughly preserved after smart-back (5.2s)
  ✓   69 [chromium] › e2e/smart-back.spec.ts:72:7 › Smart back link — counties list ↔ detail › scroll position is roughly preserved after smart-back (5.2s)
  ✓   72 [chromium] › e2e/smart-back.spec.ts:72:7 › Smart back link — counties list ↔ detail › scroll position is roughly preserved after smart-back (5.3s)
  ✓   71 [chromium] › e2e/smart-back.spec.ts:72:7 › Smart back link — counties list ↔ detail › scroll position is roughly preserved after smart-back (5.4s)
  ✓   73 [chromium] › e2e/smart-back.spec.ts:72:7 › Smart back link — counties list ↔ detail › scroll position is roughly preserved after smart-back (5.2s)
  ✓   74 [chromium] › e2e/smart-back.spec.ts:72:7 › Smart back link — counties list ↔ detail › scroll position is roughly preserved after smart-back (5.2s)
  ✓   76 [chromium] › e2e/smart-back.spec.ts:72:7 › Smart back link — counties list ↔ detail › scroll position is roughly preserved after smart-back (5.2s)
  ✓   75 [chromium] › e2e/smart-back.spec.ts:72:7 › Smart back link — counties list ↔ detail › scroll position is roughly preserved after smart-back (5.2s)
  ✓   78 [chromium] › e2e/smart-back.spec.ts:72:7 › Smart back link — counties list ↔ detail › scroll position is roughly preserved after smart-back (5.2s)
  ✓   77 [chromium] › e2e/smart-back.spec.ts:72:7 › Smart back link — counties list ↔ detail › scroll position is roughly preserved after smart-back (5.2s)
  ✓   80 [chromium] › e2e/smart-back.spec.ts:72:7 › Smart back link — counties list ↔ detail › scroll position is roughly preserved after smart-back (5.3s)
  ✓   79 [chromium] › e2e/smart-back.spec.ts:72:7 › Smart back link — counties list ↔ detail › scroll position is roughly preserved after smart-back (5.3s)
  ✓   81 [chromium] › e2e/smart-back.spec.ts:72:7 › Smart back link — counties list ↔ detail › scroll position is roughly preserved after smart-back (5.2s)
  ✓   82 [chromium] › e2e/smart-back.spec.ts:72:7 › Smart back link — counties list ↔ detail › scroll position is roughly preserved after smart-back (5.2s)
  ✓   84 [chromium] › e2e/smart-back.spec.ts:72:7 › Smart back link — counties list ↔ detail › scroll position is roughly preserved after smart-back (5.2s)
  ✓   83 [chromium] › e2e/smart-back.spec.ts:72:7 › Smart back link — counties list ↔ detail › scroll position is roughly preserved after smart-back (5.2s)
  ✓   86 [chromium] › e2e/smart-back.spec.ts:72:7 › Smart back link — counties list ↔ detail › scroll position is roughly preserved after smart-back (5.2s)
  ✓   85 [chromium] › e2e/smart-back.spec.ts:72:7 › Smart back link — counties list ↔ detail › scroll position is roughly preserved after smart-back (5.2s)
  ✓   88 [chromium] › e2e/smart-back.spec.ts:72:7 › Smart back link — counties list ↔ detail › scroll position is roughly preserved after smart-back (5.1s)
  ✓   87 [chromium] › e2e/smart-back.spec.ts:72:7 › Smart back link — counties list ↔ detail › scroll position is roughly preserved after smart-back (5.2s)
  ✓   89 [chromium] › e2e/smart-back.spec.ts:72:7 › Smart back link — counties list ↔ detail › scroll position is roughly preserved after smart-back (5.2s)
  ✓   90 [chromium] › e2e/smart-back.spec.ts:72:7 › Smart back link — counties list ↔ detail › scroll position is roughly preserved after smart-back (5.2s)
  ✓   92 [chromium] › e2e/smart-back.spec.ts:72:7 › Smart back link — counties list ↔ detail › scroll position is roughly preserved after smart-back (5.1s)
  ✓   91 [chromium] › e2e/smart-back.spec.ts:72:7 › Smart back link — counties list ↔ detail › scroll position is roughly preserved after smart-back (5.1s)
  ✓   93 [chromium] › e2e/smart-back.spec.ts:72:7 › Smart back link — counties list ↔ detail › scroll position is roughly preserved after smart-back (5.2s)
  ✓   94 [chromium] › e2e/smart-back.spec.ts:72:7 › Smart back link — counties list ↔ detail › scroll position is roughly preserved after smart-back (5.4s)
  ✓   95 [chromium] › e2e/smart-back.spec.ts:72:7 › Smart back link — counties list ↔ detail › scroll position is roughly preserved after smart-back (5.2s)
  ✓   96 [chromium] › e2e/smart-back.spec.ts:72:7 › Smart back link — counties list ↔ detail › scroll position is roughly preserved after smart-back (5.2s)
  ✓   97 [chromium] › e2e/smart-back.spec.ts:72:7 › Smart back link — counties list ↔ detail › scroll position is roughly preserved after smart-back (5.1s)
  ✓   98 [chromium] › e2e/smart-back.spec.ts:72:7 › Smart back link — counties list ↔ detail › scroll position is roughly preserved after smart-back (5.1s)
  ✓   99 [chromium] › e2e/smart-back.spec.ts:72:7 › Smart back link — counties list ↔ detail › scroll position is roughly preserved after smart-back (5.2s)
  ✓  100 [chromium] › e2e/smart-back.spec.ts:72:7 › Smart back link — counties list ↔ detail › scroll position is roughly preserved after smart-back (5.1s)

  100 passed (7.9m)
