  console.log
    SPEC_UNIT_PROBE {"query":"","calls":[[null,"","/counties?p=2"]]}

      at Object.log (../../evidence/review-spec/unit-detectors-v4/noop.test.tsx:292:13)

FAIL ../../evidence/review-spec/unit-detectors-v4/noop.test.tsx
  /counties URL state — normalization and regression guards
    ✕ writes ?p=N with native replaceState when a page is picked, and shows that page (435 ms)
    ○ skipped opens on page 1 when the URL carries no query
    ○ skipped opens a ?p=2 deep link on page 2
    ○ skipped opens a ?view=all deep link with every county listed
    ○ skipped clamps an out-of-range ?p= to the last page and preserves other query parameters
    ○ skipped clamps to the last remaining page when a new county list has only two pages
    ○ skipped preserves a new valid page 1 when navigation and a smaller list arrive together
    ○ skipped preserves a new valid page 2 when navigation and a smaller list arrive together
    ○ skipped preserves a new View All navigation when a smaller list arrives in the same commit
    ○ skipped keeps the requested page while search has zero matches, then restores it when cleared
    ○ skipped does not normalize an irrelevant page in View All mode
    ○ skipped writes ?view=all and strips ?p= when View All is toggled on
    ○ skipped follows browser back/forward (popstate)
    ○ skipped follows a Next.js navigation that changes the query without a popstate
    ○ skipped normalizes to page 1 when search leaves only one page of results
    ○ skipped paints a client-side mount (back from a county page) in its URL state on the first commit
  /counties static prerender
    ○ skipped contains the provenance note — the LCP element — not the loading fallback
    ○ skipped contains the first page of the ranking table
  /counties hydration with a query string
    ○ skipped hydrates ?p=2 without a mismatch, then shows page 2
    ○ skipped hydrates ?view=all without a mismatch, then shows every county
    ○ skipped CONTROL: hydrates the bare URL without a mismatch

  ● /counties URL state — normalization and regression guards › writes ?p=N with native replaceState when a page is picked, and shows that page

    pretty-format: Unknown option "maxWidth".

    [0m [90m 291 |[39m     expect(listHistoryReplace)[33m.[39mtoHaveBeenLastCalledWith([36mnull[39m[33m,[39m [32m''[39m[33m,[39m [32m'/counties?p=2'[39m)[33m;[39m
     [90m 292 |[39m     console[33m.[39mlog([32m'SPEC_UNIT_PROBE '[39m [33m+[39m [33mJSON[39m[33m.[39mstringify({query[33m:[39m window[33m.[39mlocation[33m.[39msearch[33m,[39m calls[33m:[39m listHistoryReplace[33m.[39mmock[33m.[39mcalls}))[33m;[39m
    [31m[1m>[22m[39m[90m 293 |[39m     expect(window[33m.[39mlocation[33m.[39msearch)[33m.[39mtoBe([32m'?p=2'[39m)[33m;[39m
     [90m     |[39m                                    [31m[1m^[22m[39m
     [90m 294 |[39m     expect(mockNavigation[33m.[39mreplace)[33m.[39mnot[33m.[39mtoHaveBeenCalled()[33m;[39m
     [90m 295 |[39m     expect(rankedNames())[33m.[39mtoEqual([33mPAGE_2[39m)[33m;[39m
     [90m 296 |[39m   })[33m;[39m[0m

      at Object.toBe (../../evidence/review-spec/unit-detectors-v4/noop.test.tsx:293:36)

Test Suites: 1 failed, 1 total
Tests:       1 failed, 20 skipped, 21 total
Snapshots:   0 total
Time:        1.834 s
Ran all test suites within paths "/evidence/review-spec/unit-detectors-v4/noop.test.tsx".
Test results written to: ../../evidence/review-spec/unit-detectors-v4-execution/noop-report.json
